// Jest Snapshot v1, https://goo.gl/fbAQLP

exports[`pruebas en <PrimeraApp /> debe mostrar <PrimeraApp /> correctamente  1`] = `
<Fragment>
  <h1>
    Hola, Soy Goku
    !!!
  </h1>
  <p>
    Soy un subtitulo
  </p>
</Fragment>
`;
